2026-03-24 22:50:11,657 [UNIFIED] ============================================================
2026-03-24 22:50:11,659 [UNIFIED] Luca Unified Startup
2026-03-24 22:50:11,659 [UNIFIED] Time: 2026-03-24T22:50:11.659827
2026-03-24 22:50:11,659 [UNIFIED] Boot delay: 10s
2026-03-24 22:50:11,660 [UNIFIED] ============================================================
2026-03-24 22:50:21,660 [UNIFIED] --- Phase 1: Memory Server ---
2026-03-24 22:50:21,668 [UNIFIED] Memory server already running on port 5050
2026-03-24 22:50:21,668 [UNIFIED] Waiting for memory server on port 5050...
2026-03-24 22:50:21,694 [UNIFIED] Memory server ready (waited 0s)
2026-03-24 22:50:21,695 [UNIFIED] --- Phase 2: Telegram Bot ---
2026-03-24 22:50:21,695 [UNIFIED] Starting telegram bot: C:\Users\sunjo\Desktop\luca 연구자동화에이전트\telegram_bot.py
2026-03-24 22:50:21,787 [UNIFIED] Telegram bot started (PID: 124996)
2026-03-24 22:50:21,787 [UNIFIED] --- Phase 3: Watchdog Active ---
2026-03-24 22:55:21,898 [UNIFIED] All systems OK (bot PID: 124996, memory: port 5050)
2026-03-24 23:00:21,937 [UNIFIED] All systems OK (bot PID: 124996, memory: port 5050)
2026-03-24 23:05:21,956 [UNIFIED] All systems OK (bot PID: 124996, memory: port 5050)
2026-03-24 23:10:21,990 [UNIFIED] All systems OK (bot PID: 124996, memory: port 5050)
2026-03-24 23:15:22,039 [UNIFIED] All systems OK (bot PID: 124996, memory: port 5050)
2026-03-24 23:20:22,082 [UNIFIED] All systems OK (bot PID: 124996, memory: port 5050)
2026-03-24 23:25:22,133 [UNIFIED] All systems OK (bot PID: 124996, memory: port 5050)
2026-03-24 23:30:22,199 [UNIFIED] All systems OK (bot PID: 124996, memory: port 5050)
2026-03-24 23:35:22,232 [UNIFIED] All systems OK (bot PID: 124996, memory: port 5050)
2026-03-24 23:40:22,294 [UNIFIED] All systems OK (bot PID: 124996, memory: port 5050)
2026-03-24 23:45:22,353 [UNIFIED] All systems OK (bot PID: 124996, memory: port 5050)
2026-03-24 23:50:22,385 [UNIFIED] All systems OK (bot PID: 124996, memory: port 5050)
2026-03-24 23:55:22,423 [UNIFIED] All systems OK (bot PID: 124996, memory: port 5050)
2026-03-25 00:00:22,440 [UNIFIED] All systems OK (bot PID: 124996, memory: port 5050)
2026-03-25 00:05:22,458 [UNIFIED] All systems OK (bot PID: 124996, memory: port 5050)
2026-03-25 00:10:22,491 [UNIFIED] All systems OK (bot PID: 124996, memory: port 5050)
2026-03-25 00:15:22,604 [UNIFIED] All systems OK (bot PID: 124996, memory: port 5050)
2026-03-25 00:20:22,641 [UNIFIED] All systems OK (bot PID: 124996, memory: port 5050)
2026-03-25 00:25:22,660 [UNIFIED] All systems OK (bot PID: 124996, memory: port 5050)
2026-03-25 00:30:22,692 [UNIFIED] All systems OK (bot PID: 124996, memory: port 5050)
2026-03-25 00:35:22,732 [UNIFIED] All systems OK (bot PID: 124996, memory: port 5050)
2026-03-25 00:40:22,755 [UNIFIED] All systems OK (bot PID: 124996, memory: port 5050)
2026-03-25 00:45:22,806 [UNIFIED] All systems OK (bot PID: 124996, memory: port 5050)
2026-03-25 00:50:22,827 [UNIFIED] All systems OK (bot PID: 124996, memory: port 5050)
2026-03-25 00:55:22,907 [UNIFIED] All systems OK (bot PID: 124996, memory: port 5050)
2026-03-25 01:00:22,940 [UNIFIED] All systems OK (bot PID: 124996, memory: port 5050)
2026-03-25 01:05:22,984 [UNIFIED] All systems OK (bot PID: 124996, memory: port 5050)
2026-03-25 01:10:23,001 [UNIFIED] All systems OK (bot PID: 124996, memory: port 5050)
2026-03-25 01:15:23,020 [UNIFIED] All systems OK (bot PID: 124996, memory: port 5050)
2026-03-25 01:20:23,077 [UNIFIED] All systems OK (bot PID: 124996, memory: port 5050)
2026-03-25 01:25:23,116 [UNIFIED] All systems OK (bot PID: 124996, memory: port 5050)
2026-03-25 01:30:23,137 [UNIFIED] All systems OK (bot PID: 124996, memory: port 5050)
2026-03-25 01:35:23,160 [UNIFIED] All systems OK (bot PID: 124996, memory: port 5050)
2026-03-25 01:40:23,182 [UNIFIED] All systems OK (bot PID: 124996, memory: port 5050)
2026-03-25 01:45:23,228 [UNIFIED] All systems OK (bot PID: 124996, memory: port 5050)
2026-03-25 01:50:23,295 [UNIFIED] All systems OK (bot PID: 124996, memory: port 5050)
2026-03-25 01:55:23,333 [UNIFIED] All systems OK (bot PID: 124996, memory: port 5050)
2026-03-25 02:00:23,372 [UNIFIED] All systems OK (bot PID: 124996, memory: port 5050)
2026-03-25 02:05:23,436 [UNIFIED] All systems OK (bot PID: 124996, memory: port 5050)
2026-03-25 02:10:23,524 [UNIFIED] All systems OK (bot PID: 124996, memory: port 5050)
2026-03-25 02:15:23,542 [UNIFIED] All systems OK (bot PID: 124996, memory: port 5050)
2026-03-25 02:20:23,611 [UNIFIED] All systems OK (bot PID: 124996, memory: port 5050)
2026-03-25 02:25:23,652 [UNIFIED] All systems OK (bot PID: 124996, memory: port 5050)
2026-03-25 02:30:23,699 [UNIFIED] All systems OK (bot PID: 124996, memory: port 5050)
2026-03-25 02:35:23,719 [UNIFIED] All systems OK (bot PID: 124996, memory: port 5050)
2026-03-25 02:40:23,738 [UNIFIED] All systems OK (bot PID: 124996, memory: port 5050)
2026-03-25 02:45:23,784 [UNIFIED] All systems OK (bot PID: 124996, memory: port 5050)
2026-03-25 02:50:23,824 [UNIFIED] All systems OK (bot PID: 124996, memory: port 5050)
2026-03-25 02:55:23,937 [UNIFIED] All systems OK (bot PID: 124996, memory: port 5050)
2026-03-25 03:00:23,986 [UNIFIED] All systems OK (bot PID: 124996, memory: port 5050)
2026-03-25 03:05:24,073 [UNIFIED] All systems OK (bot PID: 124996, memory: port 5050)
2026-03-25 03:10:24,121 [UNIFIED] All systems OK (bot PID: 124996, memory: port 5050)
2026-03-25 03:15:24,182 [UNIFIED] All systems OK (bot PID: 124996, memory: port 5050)
2026-03-25 03:20:24,204 [UNIFIED] All systems OK (bot PID: 124996, memory: port 5050)
2026-03-25 03:25:24,252 [UNIFIED] All systems OK (bot PID: 124996, memory: port 5050)
2026-03-25 03:30:24,292 [UNIFIED] All systems OK (bot PID: 124996, memory: port 5050)
2026-03-25 03:35:24,331 [UNIFIED] All systems OK (bot PID: 124996, memory: port 5050)
2026-03-25 03:40:24,413 [UNIFIED] All systems OK (bot PID: 124996, memory: port 5050)
2026-03-25 03:45:24,431 [UNIFIED] All systems OK (bot PID: 124996, memory: port 5050)
2026-03-25 03:50:24,474 [UNIFIED] All systems OK (bot PID: 124996, memory: port 5050)
2026-03-25 03:55:24,551 [UNIFIED] All systems OK (bot PID: 124996, memory: port 5050)
2026-03-25 04:00:24,608 [UNIFIED] All systems OK (bot PID: 124996, memory: port 5050)
2026-03-25 04:05:24,647 [UNIFIED] All systems OK (bot PID: 124996, memory: port 5050)
2026-03-25 04:10:24,685 [UNIFIED] All systems OK (bot PID: 124996, memory: port 5050)
2026-03-25 04:15:24,746 [UNIFIED] All systems OK (bot PID: 124996, memory: port 5050)
2026-03-25 04:20:24,782 [UNIFIED] All systems OK (bot PID: 124996, memory: port 5050)
2026-03-25 04:25:24,851 [UNIFIED] All systems OK (bot PID: 124996, memory: port 5050)
2026-03-25 04:30:24,884 [UNIFIED] All systems OK (bot PID: 124996, memory: port 5050)
2026-03-25 04:35:24,937 [UNIFIED] All systems OK (bot PID: 124996, memory: port 5050)
2026-03-25 04:40:24,957 [UNIFIED] All systems OK (bot PID: 124996, memory: port 5050)
2026-03-25 04:45:25,021 [UNIFIED] All systems OK (bot PID: 124996, memory: port 5050)
2026-03-25 04:50:25,086 [UNIFIED] All systems OK (bot PID: 124996, memory: port 5050)
2026-03-25 04:55:25,141 [UNIFIED] All systems OK (bot PID: 124996, memory: port 5050)
2026-03-25 05:00:25,221 [UNIFIED] All systems OK (bot PID: 124996, memory: port 5050)
2026-03-25 05:05:25,254 [UNIFIED] All systems OK (bot PID: 124996, memory: port 5050)
2026-03-25 05:10:25,318 [UNIFIED] All systems OK (bot PID: 124996, memory: port 5050)
2026-03-25 05:15:25,363 [UNIFIED] All systems OK (bot PID: 124996, memory: port 5050)
2026-03-25 05:20:25,401 [UNIFIED] All systems OK (bot PID: 124996, memory: port 5050)
2026-03-25 05:25:25,447 [UNIFIED] All systems OK (bot PID: 124996, memory: port 5050)
2026-03-25 05:30:25,503 [UNIFIED] All systems OK (bot PID: 124996, memory: port 5050)
2026-03-25 05:35:25,580 [UNIFIED] All systems OK (bot PID: 124996, memory: port 5050)
2026-03-25 05:40:25,601 [UNIFIED] All systems OK (bot PID: 124996, memory: port 5050)
2026-03-25 05:45:25,635 [UNIFIED] All systems OK (bot PID: 124996, memory: port 5050)
2026-03-25 05:50:25,745 [UNIFIED] All systems OK (bot PID: 124996, memory: port 5050)
2026-03-25 05:55:25,832 [UNIFIED] All systems OK (bot PID: 124996, memory: port 5050)
2026-03-25 06:00:25,911 [UNIFIED] All systems OK (bot PID: 124996, memory: port 5050)
2026-03-25 06:05:25,963 [UNIFIED] All systems OK (bot PID: 124996, memory: port 5050)
2026-03-25 06:10:26,021 [UNIFIED] All systems OK (bot PID: 124996, memory: port 5050)
2026-03-25 06:15:26,062 [UNIFIED] All systems OK (bot PID: 124996, memory: port 5050)
2026-03-25 06:20:26,120 [UNIFIED] All systems OK (bot PID: 124996, memory: port 5050)
2026-03-25 06:25:26,193 [UNIFIED] All systems OK (bot PID: 124996, memory: port 5050)
2026-03-25 06:30:26,264 [UNIFIED] All systems OK (bot PID: 124996, memory: port 5050)
2026-03-25 06:35:26,340 [UNIFIED] All systems OK (bot PID: 124996, memory: port 5050)
2026-03-25 06:40:26,413 [UNIFIED] All systems OK (bot PID: 124996, memory: port 5050)
2026-03-25 06:45:26,494 [UNIFIED] All systems OK (bot PID: 124996, memory: port 5050)
2026-03-25 06:50:26,544 [UNIFIED] All systems OK (bot PID: 124996, memory: port 5050)
2026-03-25 06:55:26,621 [UNIFIED] All systems OK (bot PID: 124996, memory: port 5050)
2026-03-25 07:00:26,699 [UNIFIED] All systems OK (bot PID: 124996, memory: port 5050)
2026-03-25 07:05:26,718 [UNIFIED] All systems OK (bot PID: 124996, memory: port 5050)
2026-03-25 07:10:26,793 [UNIFIED] All systems OK (bot PID: 124996, memory: port 5050)
2026-03-25 07:15:26,834 [UNIFIED] All systems OK (bot PID: 124996, memory: port 5050)
2026-03-25 07:20:26,855 [UNIFIED] All systems OK (bot PID: 124996, memory: port 5050)
2026-03-25 07:25:26,886 [UNIFIED] All systems OK (bot PID: 124996, memory: port 5050)
2026-03-25 07:30:26,960 [UNIFIED] All systems OK (bot PID: 124996, memory: port 5050)
2026-03-25 07:35:27,031 [UNIFIED] All systems OK (bot PID: 124996, memory: port 5050)
2026-03-25 07:40:27,114 [UNIFIED] All systems OK (bot PID: 124996, memory: port 5050)
2026-03-25 07:45:27,148 [UNIFIED] All systems OK (bot PID: 124996, memory: port 5050)
2026-03-25 07:50:27,185 [UNIFIED] All systems OK (bot PID: 124996, memory: port 5050)
2026-03-25 07:55:27,236 [UNIFIED] All systems OK (bot PID: 124996, memory: port 5050)
2026-03-25 08:00:27,291 [UNIFIED] All systems OK (bot PID: 124996, memory: port 5050)
2026-03-25 08:05:27,335 [UNIFIED] All systems OK (bot PID: 124996, memory: port 5050)
2026-03-25 08:10:27,428 [UNIFIED] All systems OK (bot PID: 124996, memory: port 5050)
2026-03-25 08:15:27,502 [UNIFIED] All systems OK (bot PID: 124996, memory: port 5050)
2026-03-25 08:20:27,562 [UNIFIED] All systems OK (bot PID: 124996, memory: port 5050)
2026-03-25 08:25:27,611 [UNIFIED] All systems OK (bot PID: 124996, memory: port 5050)
2026-03-25 08:30:27,656 [UNIFIED] All systems OK (bot PID: 124996, memory: port 5050)
2026-03-25 08:35:27,702 [UNIFIED] All systems OK (bot PID: 124996, memory: port 5050)
2026-03-25 08:40:27,755 [UNIFIED] All systems OK (bot PID: 124996, memory: port 5050)
2026-03-25 08:45:27,836 [UNIFIED] All systems OK (bot PID: 124996, memory: port 5050)
2026-03-25 08:50:27,904 [UNIFIED] All systems OK (bot PID: 124996, memory: port 5050)
2026-03-25 08:55:27,986 [UNIFIED] All systems OK (bot PID: 124996, memory: port 5050)
2026-03-25 09:00:28,037 [UNIFIED] All systems OK (bot PID: 124996, memory: port 5050)
2026-03-25 09:05:28,088 [UNIFIED] All systems OK (bot PID: 124996, memory: port 5050)
2026-03-25 09:10:28,153 [UNIFIED] All systems OK (bot PID: 124996, memory: port 5050)
2026-03-25 09:15:28,223 [UNIFIED] All systems OK (bot PID: 124996, memory: port 5050)
2026-03-25 09:20:28,241 [UNIFIED] All systems OK (bot PID: 124996, memory: port 5050)
2026-03-25 09:25:28,298 [UNIFIED] All systems OK (bot PID: 124996, memory: port 5050)
2026-03-25 09:30:28,365 [UNIFIED] All systems OK (bot PID: 124996, memory: port 5050)
2026-03-25 09:35:28,395 [UNIFIED] All systems OK (bot PID: 124996, memory: port 5050)
2026-03-25 09:40:28,512 [UNIFIED] All systems OK (bot PID: 124996, memory: port 5050)
2026-03-25 09:45:28,577 [UNIFIED] All systems OK (bot PID: 124996, memory: port 5050)
2026-03-25 09:50:28,623 [UNIFIED] All systems OK (bot PID: 124996, memory: port 5050)
2026-03-25 09:55:28,695 [UNIFIED] All systems OK (bot PID: 124996, memory: port 5050)
2026-03-25 10:00:28,752 [UNIFIED] All systems OK (bot PID: 124996, memory: port 5050)
2026-03-25 10:05:28,805 [UNIFIED] All systems OK (bot PID: 124996, memory: port 5050)
2026-03-25 10:10:28,891 [UNIFIED] All systems OK (bot PID: 124996, memory: port 5050)
2026-03-25 10:15:28,909 [UNIFIED] All systems OK (bot PID: 124996, memory: port 5050)
2026-03-25 10:20:28,946 [UNIFIED] All systems OK (bot PID: 124996, memory: port 5050)
2026-03-25 10:25:29,050 [UNIFIED] All systems OK (bot PID: 124996, memory: port 5050)
2026-03-25 10:30:29,080 [UNIFIED] All systems OK (bot PID: 124996, memory: port 5050)
2026-03-25 10:35:29,116 [UNIFIED] All systems OK (bot PID: 124996, memory: port 5050)
2026-03-25 10:40:29,169 [UNIFIED] All systems OK (bot PID: 124996, memory: port 5050)
2026-03-25 10:45:29,187 [UNIFIED] All systems OK (bot PID: 124996, memory: port 5050)
2026-03-25 10:50:29,227 [UNIFIED] All systems OK (bot PID: 124996, memory: port 5050)
2026-03-25 10:55:29,262 [UNIFIED] All systems OK (bot PID: 124996, memory: port 5050)
2026-03-25 11:00:29,281 [UNIFIED] All systems OK (bot PID: 124996, memory: port 5050)
2026-03-25 11:05:29,357 [UNIFIED] All systems OK (bot PID: 124996, memory: port 5050)
2026-03-25 11:10:29,405 [UNIFIED] All systems OK (bot PID: 124996, memory: port 5050)
2026-03-25 11:15:29,457 [UNIFIED] All systems OK (bot PID: 124996, memory: port 5050)
2026-03-25 11:20:29,477 [UNIFIED] All systems OK (bot PID: 124996, memory: port 5050)
2026-03-25 11:25:29,547 [UNIFIED] All systems OK (bot PID: 124996, memory: port 5050)
2026-03-25 11:30:29,598 [UNIFIED] All systems OK (bot PID: 124996, memory: port 5050)
2026-03-25 11:35:29,692 [UNIFIED] All systems OK (bot PID: 124996, memory: port 5050)
2026-03-25 11:40:29,729 [UNIFIED] All systems OK (bot PID: 124996, memory: port 5050)
2026-03-25 11:45:29,776 [UNIFIED] All systems OK (bot PID: 124996, memory: port 5050)
2026-03-25 11:50:29,814 [UNIFIED] All systems OK (bot PID: 124996, memory: port 5050)
2026-03-25 11:55:29,867 [UNIFIED] All systems OK (bot PID: 124996, memory: port 5050)
2026-03-25 12:00:29,896 [UNIFIED] All systems OK (bot PID: 124996, memory: port 5050)
2026-03-25 12:05:29,915 [UNIFIED] All systems OK (bot PID: 124996, memory: port 5050)
2026-03-25 12:10:29,967 [UNIFIED] All systems OK (bot PID: 124996, memory: port 5050)
2026-03-25 12:15:29,999 [UNIFIED] All systems OK (bot PID: 124996, memory: port 5050)
2026-03-25 12:20:00,070 [UNIFIED] All systems OK (bot PID: 124996, memory: port 5050)
2026-03-25 12:25:00,148 [UNIFIED] All systems OK (bot PID: 124996, memory: port 5050)
2026-03-25 12:30:00,164 [UNIFIED] All systems OK (bot PID: 124996, memory: port 5050)
2026-03-25 12:35:00,263 [UNIFIED] All systems OK (bot PID: 124996, memory: port 5050)
2026-03-25 12:40:00,325 [UNIFIED] All systems OK (bot PID: 124996, memory: port 5050)
2026-03-25 12:45:00,353 [UNIFIED] All systems OK (bot PID: 124996, memory: port 5050)
2026-03-25 12:50:00,373 [UNIFIED] All systems OK (bot PID: 124996, memory: port 5050)
2026-03-25 12:55:00,426 [UNIFIED] All systems OK (bot PID: 124996, memory: port 5050)
2026-03-25 13:00:00,486 [UNIFIED] All systems OK (bot PID: 124996, memory: port 5050)
2026-03-25 13:05:00,527 [UNIFIED] All systems OK (bot PID: 124996, memory: port 5050)
2026-03-25 13:10:00,547 [UNIFIED] All systems OK (bot PID: 124996, memory: port 5050)
2026-03-25 13:15:00,588 [UNIFIED] All systems OK (bot PID: 124996, memory: port 5050)
2026-03-25 13:20:00,640 [UNIFIED] All systems OK (bot PID: 124996, memory: port 5050)
2026-03-25 13:25:00,695 [UNIFIED] All systems OK (bot PID: 124996, memory: port 5050)
2026-03-25 13:30:00,748 [UNIFIED] All systems OK (bot PID: 124996, memory: port 5050)
2026-03-25 13:35:00,815 [UNIFIED] All systems OK (bot PID: 124996, memory: port 5050)
2026-03-25 13:40:00,844 [UNIFIED] All systems OK (bot PID: 124996, memory: port 5050)
2026-03-25 13:45:00,903 [UNIFIED] All systems OK (bot PID: 124996, memory: port 5050)
2026-03-25 13:50:00,943 [UNIFIED] All systems OK (bot PID: 124996, memory: port 5050)
2026-03-25 13:55:01,052 [UNIFIED] All systems OK (bot PID: 124996, memory: port 5050)
2026-03-25 14:00:01,110 [UNIFIED] All systems OK (bot PID: 124996, memory: port 5050)
2026-03-25 14:05:01,155 [UNIFIED] All systems OK (bot PID: 124996, memory: port 5050)
2026-03-25 14:10:01,207 [UNIFIED] All systems OK (bot PID: 124996, memory: port 5050)
2026-03-25 14:15:01,257 [UNIFIED] All systems OK (bot PID: 124996, memory: port 5050)
2026-03-25 14:20:01,307 [UNIFIED] All systems OK (bot PID: 124996, memory: port 5050)
2026-03-25 14:25:01,349 [UNIFIED] All systems OK (bot PID: 124996, memory: port 5050)
2026-03-25 14:30:01,440 [UNIFIED] All systems OK (bot PID: 124996, memory: port 5050)
2026-03-25 14:35:01,519 [UNIFIED] All systems OK (bot PID: 124996, memory: port 5050)
2026-03-25 14:40:01,608 [UNIFIED] All systems OK (bot PID: 124996, memory: port 5050)
2026-03-25 14:45:01,666 [UNIFIED] All systems OK (bot PID: 124996, memory: port 5050)
2026-03-25 14:50:01,708 [UNIFIED] All systems OK (bot PID: 124996, memory: port 5050)
2026-03-25 14:55:01,789 [UNIFIED] All systems OK (bot PID: 124996, memory: port 5050)
2026-03-25 15:00:01,857 [UNIFIED] All systems OK (bot PID: 124996, memory: port 5050)
2026-03-25 15:05:01,921 [UNIFIED] All systems OK (bot PID: 124996, memory: port 5050)
2026-03-25 15:10:02,031 [UNIFIED] All systems OK (bot PID: 124996, memory: port 5050)
2026-03-25 15:15:02,076 [UNIFIED] All systems OK (bot PID: 124996, memory: port 5050)
2026-03-25 15:20:02,143 [UNIFIED] All systems OK (bot PID: 124996, memory: port 5050)
2026-03-25 15:25:02,187 [UNIFIED] All systems OK (bot PID: 124996, memory: port 5050)
2026-03-25 15:30:02,230 [UNIFIED] All systems OK (bot PID: 124996, memory: port 5050)
2026-03-25 15:35:02,247 [UNIFIED] All systems OK (bot PID: 124996, memory: port 5050)
2026-03-25 15:40:02,284 [UNIFIED] All systems OK (bot PID: 124996, memory: port 5050)
2026-03-25 15:45:02,369 [UNIFIED] All systems OK (bot PID: 124996, memory: port 5050)
2026-03-25 15:50:02,452 [UNIFIED] All systems OK (bot PID: 124996, memory: port 5050)
2026-03-25 15:55:02,498 [UNIFIED] All systems OK (bot PID: 124996, memory: port 5050)
2026-03-25 16:00:02,540 [UNIFIED] All systems OK (bot PID: 124996, memory: port 5050)
2026-03-25 16:05:02,586 [UNIFIED] All systems OK (bot PID: 124996, memory: port 5050)
2026-03-25 16:10:02,683 [UNIFIED] All systems OK (bot PID: 124996, memory: port 5050)
2026-03-25 16:15:02,730 [UNIFIED] All systems OK (bot PID: 124996, memory: port 5050)
2026-03-25 16:20:02,773 [UNIFIED] All systems OK (bot PID: 124996, memory: port 5050)
2026-03-25 16:25:02,804 [UNIFIED] All systems OK (bot PID: 124996, memory: port 5050)
2026-03-25 16:30:02,897 [UNIFIED] All systems OK (bot PID: 124996, memory: port 5050)
2026-03-25 16:35:02,942 [UNIFIED] All systems OK (bot PID: 124996, memory: port 5050)
2026-03-25 16:40:02,988 [UNIFIED] All systems OK (bot PID: 124996, memory: port 5050)
2026-03-25 16:45:03,008 [UNIFIED] All systems OK (bot PID: 124996, memory: port 5050)
2026-03-25 16:50:03,121 [UNIFIED] All systems OK (bot PID: 124996, memory: port 5050)
2026-03-25 16:55:03,166 [UNIFIED] All systems OK (bot PID: 124996, memory: port 5050)
2026-03-25 17:00:03,245 [UNIFIED] All systems OK (bot PID: 124996, memory: port 5050)
2026-03-25 17:05:03,278 [UNIFIED] All systems OK (bot PID: 124996, memory: port 5050)
2026-03-25 17:10:03,339 [UNIFIED] All systems OK (bot PID: 124996, memory: port 5050)
2026-03-25 17:15:03,369 [UNIFIED] All systems OK (bot PID: 124996, memory: port 5050)
2026-03-25 17:20:03,423 [UNIFIED] All systems OK (bot PID: 124996, memory: port 5050)
2026-03-25 17:25:03,486 [UNIFIED] All systems OK (bot PID: 124996, memory: port 5050)
2026-03-25 17:30:03,541 [UNIFIED] All systems OK (bot PID: 124996, memory: port 5050)
2026-03-25 17:35:03,575 [UNIFIED] All systems OK (bot PID: 124996, memory: port 5050)
2026-03-25 17:40:03,645 [UNIFIED] All systems OK (bot PID: 124996, memory: port 5050)
2026-03-25 17:45:03,664 [UNIFIED] All systems OK (bot PID: 124996, memory: port 5050)
2026-03-25 17:50:03,740 [UNIFIED] All systems OK (bot PID: 124996, memory: port 5050)
2026-03-25 17:55:03,841 [UNIFIED] All systems OK (bot PID: 124996, memory: port 5050)
2026-03-25 18:00:03,878 [UNIFIED] All systems OK (bot PID: 124996, memory: port 5050)
2026-03-25 18:05:03,908 [UNIFIED] All systems OK (bot PID: 124996, memory: port 5050)
2026-03-25 18:10:04,009 [UNIFIED] All systems OK (bot PID: 124996, memory: port 5050)
2026-03-25 18:15:04,067 [UNIFIED] All systems OK (bot PID: 124996, memory: port 5050)
2026-03-25 18:20:04,086 [UNIFIED] All systems OK (bot PID: 124996, memory: port 5050)
2026-03-25 18:25:04,131 [UNIFIED] All systems OK (bot PID: 124996, memory: port 5050)
2026-03-25 18:30:04,182 [UNIFIED] All systems OK (bot PID: 124996, memory: port 5050)
2026-03-25 18:35:04,238 [UNIFIED] All systems OK (bot PID: 124996, memory: port 5050)
2026-03-25 18:40:04,314 [UNIFIED] All systems OK (bot PID: 124996, memory: port 5050)
2026-03-25 18:45:04,397 [UNIFIED] All systems OK (bot PID: 124996, memory: port 5050)
2026-03-25 18:50:04,449 [UNIFIED] All systems OK (bot PID: 124996, memory: port 5050)
2026-03-25 18:55:04,491 [UNIFIED] All systems OK (bot PID: 124996, memory: port 5050)
2026-03-25 19:00:04,557 [UNIFIED] All systems OK (bot PID: 124996, memory: port 5050)
2026-03-25 19:05:04,628 [UNIFIED] All systems OK (bot PID: 124996, memory: port 5050)
2026-03-25 19:10:04,690 [UNIFIED] All systems OK (bot PID: 124996, memory: port 5050)
2026-03-25 19:15:04,778 [UNIFIED] All systems OK (bot PID: 124996, memory: port 5050)
2026-03-25 19:20:04,807 [UNIFIED] All systems OK (bot PID: 124996, memory: port 5050)
2026-03-25 19:25:04,845 [UNIFIED] All systems OK (bot PID: 124996, memory: port 5050)
2026-03-25 19:30:04,928 [UNIFIED] All systems OK (bot PID: 124996, memory: port 5050)
2026-03-25 19:35:04,969 [UNIFIED] All systems OK (bot PID: 124996, memory: port 5050)
2026-03-25 19:40:05,042 [UNIFIED] All systems OK (bot PID: 124996, memory: port 5050)
2026-03-25 19:45:05,094 [UNIFIED] All systems OK (bot PID: 124996, memory: port 5050)
2026-03-25 19:50:05,216 [UNIFIED] All systems OK (bot PID: 124996, memory: port 5050)
2026-03-25 19:55:05,286 [UNIFIED] All systems OK (bot PID: 124996, memory: port 5050)
2026-03-25 20:00:05,325 [UNIFIED] All systems OK (bot PID: 124996, memory: port 5050)
2026-03-25 20:05:05,377 [UNIFIED] All systems OK (bot PID: 124996, memory: port 5050)
2026-03-25 20:10:05,437 [UNIFIED] All systems OK (bot PID: 124996, memory: port 5050)
2026-03-25 20:15:05,468 [UNIFIED] All systems OK (bot PID: 124996, memory: port 5050)
2026-03-25 20:20:05,490 [UNIFIED] All systems OK (bot PID: 124996, memory: port 5050)
2026-03-25 20:25:05,546 [UNIFIED] All systems OK (bot PID: 124996, memory: port 5050)
2026-03-25 20:30:05,589 [UNIFIED] All systems OK (bot PID: 124996, memory: port 5050)
2026-03-25 20:35:05,671 [UNIFIED] All systems OK (bot PID: 124996, memory: port 5050)
2026-03-25 20:40:05,752 [UNIFIED] All systems OK (bot PID: 124996, memory: port 5050)
2026-03-25 20:45:05,774 [UNIFIED] All systems OK (bot PID: 124996, memory: port 5050)
2026-03-25 20:50:05,827 [UNIFIED] All systems OK (bot PID: 124996, memory: port 5050)
2026-03-25 20:55:05,846 [UNIFIED] All systems OK (bot PID: 124996, memory: port 5050)
2026-03-25 21:00:05,865 [UNIFIED] All systems OK (bot PID: 124996, memory: port 5050)
2026-03-25 21:05:05,883 [UNIFIED] All systems OK (bot PID: 124996, memory: port 5050)
2026-03-25 21:10:05,902 [UNIFIED] All systems OK (bot PID: 124996, memory: port 5050)
2026-03-25 21:15:05,968 [UNIFIED] All systems OK (bot PID: 124996, memory: port 5050)
2026-03-25 21:20:06,041 [UNIFIED] All systems OK (bot PID: 124996, memory: port 5050)
2026-03-25 21:25:06,092 [UNIFIED] All systems OK (bot PID: 124996, memory: port 5050)
2026-03-25 21:30:06,179 [UNIFIED] All systems OK (bot PID: 124996, memory: port 5050)
2026-03-25 21:35:06,255 [UNIFIED] All systems OK (bot PID: 124996, memory: port 5050)
2026-03-25 21:40:06,347 [UNIFIED] All systems OK (bot PID: 124996, memory: port 5050)
2026-03-25 21:45:06,431 [UNIFIED] All systems OK (bot PID: 124996, memory: port 5050)
2026-03-25 21:50:06,461 [UNIFIED] All systems OK (bot PID: 124996, memory: port 5050)
2026-03-25 21:55:06,535 [UNIFIED] All systems OK (bot PID: 124996, memory: port 5050)
2026-03-25 22:00:06,635 [UNIFIED] All systems OK (bot PID: 124996, memory: port 5050)
2026-03-25 22:05:06,710 [UNIFIED] All systems OK (bot PID: 124996, memory: port 5050)
2026-03-25 22:10:06,810 [UNIFIED] All systems OK (bot PID: 124996, memory: port 5050)
2026-03-25 22:15:06,924 [UNIFIED] All systems OK (bot PID: 124996, memory: port 5050)
2026-03-25 22:20:07,032 [UNIFIED] All systems OK (bot PID: 124996, memory: port 5050)
2026-03-25 22:25:07,122 [UNIFIED] All systems OK (bot PID: 124996, memory: port 5050)
2026-03-25 22:30:07,258 [UNIFIED] All systems OK (bot PID: 124996, memory: port 5050)
2026-03-25 22:35:07,288 [UNIFIED] All systems OK (bot PID: 124996, memory: port 5050)
2026-03-25 22:40:07,411 [UNIFIED] All systems OK (bot PID: 124996, memory: port 5050)
2026-03-25 22:45:07,497 [UNIFIED] All systems OK (bot PID: 124996, memory: port 5050)
2026-03-25 22:50:07,589 [UNIFIED] All systems OK (bot PID: 124996, memory: port 5050)
2026-03-25 22:55:07,658 [UNIFIED] All systems OK (bot PID: 124996, memory: port 5050)
2026-03-25 23:00:07,692 [UNIFIED] All systems OK (bot PID: 124996, memory: port 5050)
2026-03-25 23:05:07,736 [UNIFIED] All systems OK (bot PID: 124996, memory: port 5050)
2026-03-25 23:10:07,796 [UNIFIED] All systems OK (bot PID: 124996, memory: port 5050)
2026-03-25 23:15:07,894 [UNIFIED] All systems OK (bot PID: 124996, memory: port 5050)
2026-03-25 23:20:07,973 [UNIFIED] All systems OK (bot PID: 124996, memory: port 5050)
2026-03-25 23:25:08,022 [UNIFIED] All systems OK (bot PID: 124996, memory: port 5050)
2026-03-25 23:30:08,122 [UNIFIED] All systems OK (bot PID: 124996, memory: port 5050)
2026-03-25 23:35:08,203 [UNIFIED] All systems OK (bot PID: 124996, memory: port 5050)
2026-03-25 23:40:08,290 [UNIFIED] All systems OK (bot PID: 124996, memory: port 5050)
2026-03-25 23:45:08,309 [UNIFIED] All systems OK (bot PID: 124996, memory: port 5050)
2026-03-25 23:50:08,352 [UNIFIED] All systems OK (bot PID: 124996, memory: port 5050)
2026-03-25 23:55:08,399 [UNIFIED] All systems OK (bot PID: 124996, memory: port 5050)
2026-03-26 00:00:08,437 [UNIFIED] All systems OK (bot PID: 124996, memory: port 5050)
2026-03-26 00:05:08,496 [UNIFIED] All systems OK (bot PID: 124996, memory: port 5050)
2026-03-26 00:10:08,537 [UNIFIED] All systems OK (bot PID: 124996, memory: port 5050)
2026-03-26 00:15:08,614 [UNIFIED] All systems OK (bot PID: 124996, memory: port 5050)
2026-03-26 00:20:08,716 [UNIFIED] All systems OK (bot PID: 124996, memory: port 5050)
2026-03-26 00:25:08,781 [UNIFIED] All systems OK (bot PID: 124996, memory: port 5050)
2026-03-26 00:30:08,824 [UNIFIED] All systems OK (bot PID: 124996, memory: port 5050)
2026-03-26 00:35:08,858 [UNIFIED] All systems OK (bot PID: 124996, memory: port 5050)
2026-03-26 00:40:08,958 [UNIFIED] All systems OK (bot PID: 124996, memory: port 5050)
2026-03-26 00:45:09,020 [UNIFIED] All systems OK (bot PID: 124996, memory: port 5050)
2026-03-26 00:50:09,174 [UNIFIED] All systems OK (bot PID: 124996, memory: port 5050)
2026-03-26 00:55:09,252 [UNIFIED] All systems OK (bot PID: 124996, memory: port 5050)
2026-03-26 01:00:09,343 [UNIFIED] All systems OK (bot PID: 124996, memory: port 5050)
2026-03-26 01:05:09,436 [UNIFIED] All systems OK (bot PID: 124996, memory: port 5050)
2026-03-26 01:10:09,481 [UNIFIED] All systems OK (bot PID: 124996, memory: port 5050)
2026-03-26 01:15:09,558 [UNIFIED] All systems OK (bot PID: 124996, memory: port 5050)
2026-03-26 01:20:09,601 [UNIFIED] All systems OK (bot PID: 124996, memory: port 5050)
2026-03-26 01:25:09,682 [UNIFIED] All systems OK (bot PID: 124996, memory: port 5050)
2026-03-26 01:30:09,757 [UNIFIED] All systems OK (bot PID: 124996, memory: port 5050)
2026-03-26 01:35:09,791 [UNIFIED] All systems OK (bot PID: 124996, memory: port 5050)
2026-03-26 01:40:09,835 [UNIFIED] All systems OK (bot PID: 124996, memory: port 5050)
2026-03-26 01:45:09,936 [UNIFIED] All systems OK (bot PID: 124996, memory: port 5050)
2026-03-26 01:50:10,034 [UNIFIED] All systems OK (bot PID: 124996, memory: port 5050)
2026-03-26 01:55:10,098 [UNIFIED] All systems OK (bot PID: 124996, memory: port 5050)
2026-03-26 02:00:10,232 [UNIFIED] All systems OK (bot PID: 124996, memory: port 5050)
2026-03-26 02:05:10,264 [UNIFIED] All systems OK (bot PID: 124996, memory: port 5050)
2026-03-26 02:10:10,324 [UNIFIED] All systems OK (bot PID: 124996, memory: port 5050)
2026-03-26 02:15:10,426 [UNIFIED] All systems OK (bot PID: 124996, memory: port 5050)
2026-03-26 02:20:10,470 [UNIFIED] All systems OK (bot PID: 124996, memory: port 5050)
2026-03-26 02:25:10,513 [UNIFIED] All systems OK (bot PID: 124996, memory: port 5050)
2026-03-26 02:30:10,579 [UNIFIED] All systems OK (bot PID: 124996, memory: port 5050)
2026-03-26 02:35:10,612 [UNIFIED] All systems OK (bot PID: 124996, memory: port 5050)
2026-03-26 02:40:10,678 [UNIFIED] All systems OK (bot PID: 124996, memory: port 5050)
2026-03-26 02:45:10,699 [UNIFIED] All systems OK (bot PID: 124996, memory: port 5050)
2026-03-26 02:50:10,787 [UNIFIED] All systems OK (bot PID: 124996, memory: port 5050)
2026-03-26 02:55:10,817 [UNIFIED] All systems OK (bot PID: 124996, memory: port 5050)
2026-03-26 03:00:10,876 [UNIFIED] All systems OK (bot PID: 124996, memory: port 5050)
2026-03-26 03:05:10,934 [UNIFIED] All systems OK (bot PID: 124996, memory: port 5050)
2026-03-26 03:10:11,014 [UNIFIED] All systems OK (bot PID: 124996, memory: port 5050)
2026-03-26 03:15:11,068 [UNIFIED] All systems OK (bot PID: 124996, memory: port 5050)
2026-03-26 03:20:11,173 [UNIFIED] All systems OK (bot PID: 124996, memory: port 5050)
2026-03-26 03:25:11,234 [UNIFIED] All systems OK (bot PID: 124996, memory: port 5050)
2026-03-26 03:30:11,299 [UNIFIED] All systems OK (bot PID: 124996, memory: port 5050)
2026-03-26 03:35:11,390 [UNIFIED] All systems OK (bot PID: 124996, memory: port 5050)
2026-03-26 03:40:11,461 [UNIFIED] All systems OK (bot PID: 124996, memory: port 5050)
2026-03-26 03:45:11,486 [UNIFIED] All systems OK (bot PID: 124996, memory: port 5050)
2026-03-26 03:50:11,576 [UNIFIED] All systems OK (bot PID: 124996, memory: port 5050)
2026-03-26 03:55:11,601 [UNIFIED] All systems OK (bot PID: 124996, memory: port 5050)
2026-03-26 04:00:11,644 [UNIFIED] All systems OK (bot PID: 124996, memory: port 5050)
2026-03-26 04:05:11,701 [UNIFIED] All systems OK (bot PID: 124996, memory: port 5050)
2026-03-26 04:10:11,797 [UNIFIED] All systems OK (bot PID: 124996, memory: port 5050)
2026-03-26 04:15:11,871 [UNIFIED] All systems OK (bot PID: 124996, memory: port 5050)
2026-03-26 04:20:11,891 [UNIFIED] All systems OK (bot PID: 124996, memory: port 5050)
2026-03-26 04:25:11,990 [UNIFIED] All systems OK (bot PID: 124996, memory: port 5050)
2026-03-26 04:30:12,049 [UNIFIED] All systems OK (bot PID: 124996, memory: port 5050)
2026-03-26 04:35:12,141 [UNIFIED] All systems OK (bot PID: 124996, memory: port 5050)
2026-03-26 04:40:12,239 [UNIFIED] All systems OK (bot PID: 124996, memory: port 5050)
2026-03-26 04:45:12,273 [UNIFIED] All systems OK (bot PID: 124996, memory: port 5050)
2026-03-26 04:50:12,336 [UNIFIED] All systems OK (bot PID: 124996, memory: port 5050)
2026-03-26 04:55:12,391 [UNIFIED] All systems OK (bot PID: 124996, memory: port 5050)
2026-03-26 05:00:12,462 [UNIFIED] All systems OK (bot PID: 124996, memory: port 5050)
2026-03-26 05:05:12,552 [UNIFIED] All systems OK (bot PID: 124996, memory: port 5050)
2026-03-26 05:10:12,629 [UNIFIED] All systems OK (bot PID: 124996, memory: port 5050)
2026-03-26 05:15:12,688 [UNIFIED] All systems OK (bot PID: 124996, memory: port 5050)
2026-03-26 05:20:12,717 [UNIFIED] All systems OK (bot PID: 124996, memory: port 5050)
2026-03-26 05:25:12,768 [UNIFIED] All systems OK (bot PID: 124996, memory: port 5050)
2026-03-26 05:30:12,827 [UNIFIED] All systems OK (bot PID: 124996, memory: port 5050)
2026-03-26 05:35:12,903 [UNIFIED] All systems OK (bot PID: 124996, memory: port 5050)
2026-03-26 05:40:12,991 [UNIFIED] All systems OK (bot PID: 124996, memory: port 5050)
2026-03-26 05:45:13,038 [UNIFIED] All systems OK (bot PID: 124996, memory: port 5050)
2026-03-26 05:50:13,099 [UNIFIED] All systems OK (bot PID: 124996, memory: port 5050)
2026-03-26 05:55:13,132 [UNIFIED] All systems OK (bot PID: 124996, memory: port 5050)
2026-03-26 06:00:13,187 [UNIFIED] All systems OK (bot PID: 124996, memory: port 5050)
2026-03-26 06:05:13,256 [UNIFIED] All systems OK (bot PID: 124996, memory: port 5050)
2026-03-26 06:10:13,353 [UNIFIED] All systems OK (bot PID: 124996, memory: port 5050)
2026-03-26 06:15:13,401 [UNIFIED] All systems OK (bot PID: 124996, memory: port 5050)
2026-03-26 06:20:13,475 [UNIFIED] All systems OK (bot PID: 124996, memory: port 5050)
2026-03-26 06:25:13,600 [UNIFIED] All systems OK (bot PID: 124996, memory: port 5050)
2026-03-26 06:30:13,677 [UNIFIED] All systems OK (bot PID: 124996, memory: port 5050)
2026-03-26 06:35:13,721 [UNIFIED] All systems OK (bot PID: 124996, memory: port 5050)
2026-03-26 06:40:13,794 [UNIFIED] All systems OK (bot PID: 124996, memory: port 5050)
2026-03-26 06:45:13,852 [UNIFIED] All systems OK (bot PID: 124996, memory: port 5050)
2026-03-26 06:50:13,943 [UNIFIED] All systems OK (bot PID: 124996, memory: port 5050)
2026-03-26 06:55:14,050 [UNIFIED] All systems OK (bot PID: 124996, memory: port 5050)
2026-03-26 07:00:14,129 [UNIFIED] All systems OK (bot PID: 124996, memory: port 5050)
2026-03-26 07:05:14,225 [UNIFIED] All systems OK (bot PID: 124996, memory: port 5050)
2026-03-26 07:10:14,316 [UNIFIED] All systems OK (bot PID: 124996, memory: port 5050)
2026-03-26 07:15:14,396 [UNIFIED] All systems OK (bot PID: 124996, memory: port 5050)
2026-03-26 07:20:14,461 [UNIFIED] All systems OK (bot PID: 124996, memory: port 5050)
2026-03-26 07:25:14,551 [UNIFIED] All systems OK (bot PID: 124996, memory: port 5050)
2026-03-26 07:30:14,597 [UNIFIED] All systems OK (bot PID: 124996, memory: port 5050)
2026-03-26 07:35:14,729 [UNIFIED] All systems OK (bot PID: 124996, memory: port 5050)
2026-03-26 07:40:14,784 [UNIFIED] All systems OK (bot PID: 124996, memory: port 5050)
2026-03-26 07:45:14,819 [UNIFIED] All systems OK (bot PID: 124996, memory: port 5050)
2026-03-26 07:50:14,894 [UNIFIED] All systems OK (bot PID: 124996, memory: port 5050)
2026-03-26 07:55:14,934 [UNIFIED] All systems OK (bot PID: 124996, memory: port 5050)
2026-03-26 08:00:14,999 [UNIFIED] All systems OK (bot PID: 124996, memory: port 5050)
2026-03-26 08:05:15,063 [UNIFIED] All systems OK (bot PID: 124996, memory: port 5050)
2026-03-26 08:10:15,099 [UNIFIED] All systems OK (bot PID: 124996, memory: port 5050)
2026-03-26 08:15:15,132 [UNIFIED] All systems OK (bot PID: 124996, memory: port 5050)
2026-03-26 08:20:15,214 [UNIFIED] All systems OK (bot PID: 124996, memory: port 5050)
2026-03-26 08:25:15,290 [UNIFIED] All systems OK (bot PID: 124996, memory: port 5050)
2026-03-26 08:30:15,310 [UNIFIED] All systems OK (bot PID: 124996, memory: port 5050)
2026-03-26 08:35:15,380 [UNIFIED] All systems OK (bot PID: 124996, memory: port 5050)
2026-03-26 08:40:15,425 [UNIFIED] All systems OK (bot PID: 124996, memory: port 5050)
2026-03-26 08:45:15,525 [UNIFIED] All systems OK (bot PID: 124996, memory: port 5050)
2026-03-26 08:50:15,595 [UNIFIED] All systems OK (bot PID: 124996, memory: port 5050)
2026-03-26 08:55:15,698 [UNIFIED] All systems OK (bot PID: 124996, memory: port 5050)
2026-03-26 09:00:15,809 [UNIFIED] All systems OK (bot PID: 124996, memory: port 5050)
2026-03-26 09:05:15,851 [UNIFIED] All systems OK (bot PID: 124996, memory: port 5050)
2026-03-26 09:10:15,930 [UNIFIED] All systems OK (bot PID: 124996, memory: port 5050)
2026-03-26 09:15:15,950 [UNIFIED] All systems OK (bot PID: 124996, memory: port 5050)
2026-03-26 09:20:16,003 [UNIFIED] All systems OK (bot PID: 124996, memory: port 5050)
2026-03-26 09:25:16,060 [UNIFIED] All systems OK (bot PID: 124996, memory: port 5050)
2026-03-26 09:30:16,165 [UNIFIED] All systems OK (bot PID: 124996, memory: port 5050)
2026-03-26 09:35:16,243 [UNIFIED] All systems OK (bot PID: 124996, memory: port 5050)
2026-03-26 09:40:16,285 [UNIFIED] All systems OK (bot PID: 124996, memory: port 5050)
2026-03-26 09:45:16,308 [UNIFIED] All systems OK (bot PID: 124996, memory: port 5050)
2026-03-26 09:50:16,442 [UNIFIED] All systems OK (bot PID: 124996, memory: port 5050)
2026-03-26 09:55:16,503 [UNIFIED] All systems OK (bot PID: 124996, memory: port 5050)
2026-03-26 10:00:16,532 [UNIFIED] All systems OK (bot PID: 124996, memory: port 5050)
2026-03-26 10:05:16,565 [UNIFIED] All systems OK (bot PID: 124996, memory: port 5050)
2026-03-26 10:10:16,655 [UNIFIED] All systems OK (bot PID: 124996, memory: port 5050)
2026-03-26 10:15:16,683 [UNIFIED] All systems OK (bot PID: 124996, memory: port 5050)
2026-03-26 10:20:16,731 [UNIFIED] All systems OK (bot PID: 124996, memory: port 5050)
2026-03-26 10:25:16,808 [UNIFIED] All systems OK (bot PID: 124996, memory: port 5050)
2026-03-26 10:30:16,860 [UNIFIED] All systems OK (bot PID: 124996, memory: port 5050)
2026-03-26 10:35:16,932 [UNIFIED] All systems OK (bot PID: 124996, memory: port 5050)
2026-03-26 10:40:17,009 [UNIFIED] All systems OK (bot PID: 124996, memory: port 5050)
2026-03-26 10:45:17,046 [UNIFIED] All systems OK (bot PID: 124996, memory: port 5050)
2026-03-26 10:50:17,081 [UNIFIED] All systems OK (bot PID: 124996, memory: port 5050)
2026-03-26 10:55:17,154 [UNIFIED] All systems OK (bot PID: 124996, memory: port 5050)
2026-03-26 11:00:17,195 [UNIFIED] All systems OK (bot PID: 124996, memory: port 5050)
2026-03-26 11:05:17,246 [UNIFIED] All systems OK (bot PID: 124996, memory: port 5050)
2026-03-26 11:10:17,287 [UNIFIED] All systems OK (bot PID: 124996, memory: port 5050)
2026-03-26 11:15:17,381 [UNIFIED] All systems OK (bot PID: 124996, memory: port 5050)
2026-03-26 11:20:17,427 [UNIFIED] All systems OK (bot PID: 124996, memory: port 5050)
2026-03-26 11:25:17,490 [UNIFIED] All systems OK (bot PID: 124996, memory: port 5050)
2026-03-26 11:30:17,564 [UNIFIED] All systems OK (bot PID: 124996, memory: port 5050)
2026-03-26 11:35:17,628 [UNIFIED] All systems OK (bot PID: 124996, memory: port 5050)
2026-03-26 11:40:17,715 [UNIFIED] All systems OK (bot PID: 124996, memory: port 5050)
2026-03-26 11:45:17,789 [UNIFIED] All systems OK (bot PID: 124996, memory: port 5050)
2026-03-26 11:50:17,867 [UNIFIED] All systems OK (bot PID: 124996, memory: port 5050)
2026-03-26 11:55:17,937 [UNIFIED] All systems OK (bot PID: 124996, memory: port 5050)
2026-03-26 12:00:16,695 [UNIFIED] All systems OK (bot PID: 124996, memory: port 5050)
2026-03-26 12:05:16,756 [UNIFIED] All systems OK (bot PID: 124996, memory: port 5050)
2026-03-26 12:10:16,847 [UNIFIED] All systems OK (bot PID: 124996, memory: port 5050)
2026-03-26 12:15:16,892 [UNIFIED] All systems OK (bot PID: 124996, memory: port 5050)
2026-03-26 12:20:16,914 [UNIFIED] All systems OK (bot PID: 124996, memory: port 5050)
2026-03-26 12:25:17,025 [UNIFIED] All systems OK (bot PID: 124996, memory: port 5050)
2026-03-26 12:30:17,100 [UNIFIED] All systems OK (bot PID: 124996, memory: port 5050)
2026-03-26 12:35:17,153 [UNIFIED] All systems OK (bot PID: 124996, memory: port 5050)
2026-03-26 12:40:17,234 [UNIFIED] All systems OK (bot PID: 124996, memory: port 5050)
2026-03-26 12:45:17,330 [UNIFIED] All systems OK (bot PID: 124996, memory: port 5050)
2026-03-26 12:50:17,450 [UNIFIED] All systems OK (bot PID: 124996, memory: port 5050)
2026-03-26 12:55:17,557 [UNIFIED] All systems OK (bot PID: 124996, memory: port 5050)
2026-03-26 13:00:17,630 [UNIFIED] All systems OK (bot PID: 124996, memory: port 5050)
2026-03-26 13:05:17,672 [UNIFIED] All systems OK (bot PID: 124996, memory: port 5050)
2026-03-26 13:10:17,786 [UNIFIED] All systems OK (bot PID: 124996, memory: port 5050)
2026-03-26 13:15:17,851 [UNIFIED] All systems OK (bot PID: 124996, memory: port 5050)
2026-03-26 13:20:17,891 [UNIFIED] All systems OK (bot PID: 124996, memory: port 5050)
2026-03-26 13:25:17,957 [UNIFIED] All systems OK (bot PID: 124996, memory: port 5050)
2026-03-26 13:30:18,041 [UNIFIED] All systems OK (bot PID: 124996, memory: port 5050)
2026-03-26 13:35:18,088 [UNIFIED] All systems OK (bot PID: 124996, memory: port 5050)
2026-03-26 13:40:18,206 [UNIFIED] All systems OK (bot PID: 124996, memory: port 5050)
2026-03-26 13:45:18,265 [UNIFIED] All systems OK (bot PID: 124996, memory: port 5050)
2026-03-26 13:50:18,303 [UNIFIED] All systems OK (bot PID: 124996, memory: port 5050)
2026-03-26 13:55:18,431 [UNIFIED] All systems OK (bot PID: 124996, memory: port 5050)
2026-03-26 14:00:18,508 [UNIFIED] All systems OK (bot PID: 124996, memory: port 5050)
2026-03-26 14:05:18,581 [UNIFIED] All systems OK (bot PID: 124996, memory: port 5050)
2026-03-26 14:10:18,686 [UNIFIED] All systems OK (bot PID: 124996, memory: port 5050)
2026-03-26 14:15:18,731 [UNIFIED] All systems OK (bot PID: 124996, memory: port 5050)
2026-03-26 14:20:18,807 [UNIFIED] All systems OK (bot PID: 124996, memory: port 5050)
2026-03-26 14:25:18,892 [UNIFIED] All systems OK (bot PID: 124996, memory: port 5050)
2026-03-26 14:30:18,943 [UNIFIED] All systems OK (bot PID: 124996, memory: port 5050)
2026-03-26 14:35:19,023 [UNIFIED] All systems OK (bot PID: 124996, memory: port 5050)
2026-03-26 14:40:19,076 [UNIFIED] All systems OK (bot PID: 124996, memory: port 5050)
2026-03-26 14:45:19,115 [UNIFIED] All systems OK (bot PID: 124996, memory: port 5050)
2026-03-26 14:50:19,224 [UNIFIED] All systems OK (bot PID: 124996, memory: port 5050)
2026-03-26 14:55:19,308 [UNIFIED] All systems OK (bot PID: 124996, memory: port 5050)
2026-03-26 15:00:19,365 [UNIFIED] All systems OK (bot PID: 124996, memory: port 5050)
2026-03-26 15:05:19,445 [UNIFIED] All systems OK (bot PID: 124996, memory: port 5050)
2026-03-26 15:10:19,516 [UNIFIED] All systems OK (bot PID: 124996, memory: port 5050)
2026-03-26 15:15:19,562 [UNIFIED] All systems OK (bot PID: 124996, memory: port 5050)
2026-03-26 15:20:19,595 [UNIFIED] All systems OK (bot PID: 124996, memory: port 5050)
2026-03-26 15:25:19,721 [UNIFIED] All systems OK (bot PID: 124996, memory: port 5050)
2026-03-26 15:30:19,752 [UNIFIED] All systems OK (bot PID: 124996, memory: port 5050)
2026-03-26 15:35:19,833 [UNIFIED] All systems OK (bot PID: 124996, memory: port 5050)
2026-03-26 15:40:19,940 [UNIFIED] All systems OK (bot PID: 124996, memory: port 5050)
2026-03-26 15:45:20,009 [UNIFIED] All systems OK (bot PID: 124996, memory: port 5050)
2026-03-26 15:50:20,106 [UNIFIED] All systems OK (bot PID: 124996, memory: port 5050)
2026-03-26 15:55:20,210 [UNIFIED] All systems OK (bot PID: 124996, memory: port 5050)
2026-03-26 16:00:20,292 [UNIFIED] All systems OK (bot PID: 124996, memory: port 5050)
2026-03-26 16:05:20,417 [UNIFIED] All systems OK (bot PID: 124996, memory: port 5050)
2026-03-26 16:10:20,475 [UNIFIED] All systems OK (bot PID: 124996, memory: port 5050)
2026-03-26 16:15:20,557 [UNIFIED] All systems OK (bot PID: 124996, memory: port 5050)
2026-03-26 16:20:20,631 [UNIFIED] All systems OK (bot PID: 124996, memory: port 5050)
2026-03-26 16:25:20,665 [UNIFIED] All systems OK (bot PID: 124996, memory: port 5050)
2026-03-26 16:30:20,722 [UNIFIED] All systems OK (bot PID: 124996, memory: port 5050)
2026-03-26 16:35:20,811 [UNIFIED] All systems OK (bot PID: 124996, memory: port 5050)
2026-03-26 16:40:20,888 [UNIFIED] All systems OK (bot PID: 124996, memory: port 5050)
2026-03-26 16:45:20,972 [UNIFIED] All systems OK (bot PID: 124996, memory: port 5050)
2026-03-26 16:50:21,024 [UNIFIED] All systems OK (bot PID: 124996, memory: port 5050)
2026-03-26 16:55:21,104 [UNIFIED] All systems OK (bot PID: 124996, memory: port 5050)
2026-03-26 17:00:21,213 [UNIFIED] All systems OK (bot PID: 124996, memory: port 5050)
2026-03-26 17:05:21,311 [UNIFIED] All systems OK (bot PID: 124996, memory: port 5050)
2026-03-26 17:10:21,363 [UNIFIED] All systems OK (bot PID: 124996, memory: port 5050)
2026-03-26 17:15:21,452 [UNIFIED] All systems OK (bot PID: 124996, memory: port 5050)
2026-03-26 17:20:21,499 [UNIFIED] All systems OK (bot PID: 124996, memory: port 5050)
2026-03-26 17:25:21,613 [UNIFIED] All systems OK (bot PID: 124996, memory: port 5050)
2026-03-26 17:30:21,700 [UNIFIED] All systems OK (bot PID: 124996, memory: port 5050)
2026-03-26 17:35:21,803 [UNIFIED] All systems OK (bot PID: 124996, memory: port 5050)
2026-03-26 17:40:21,923 [UNIFIED] All systems OK (bot PID: 124996, memory: port 5050)
2026-03-26 17:45:21,996 [UNIFIED] All systems OK (bot PID: 124996, memory: port 5050)
2026-03-26 17:50:22,055 [UNIFIED] All systems OK (bot PID: 124996, memory: port 5050)
2026-03-26 17:55:22,173 [UNIFIED] All systems OK (bot PID: 124996, memory: port 5050)
2026-03-26 18:00:22,249 [UNIFIED] All systems OK (bot PID: 124996, memory: port 5050)
2026-03-26 18:05:22,333 [UNIFIED] All systems OK (bot PID: 124996, memory: port 5050)
2026-03-26 18:10:22,429 [UNIFIED] All systems OK (bot PID: 124996, memory: port 5050)
2026-03-26 18:15:22,495 [UNIFIED] All systems OK (bot PID: 124996, memory: port 5050)
2026-03-26 18:20:22,551 [UNIFIED] All systems OK (bot PID: 124996, memory: port 5050)
2026-03-26 18:25:22,586 [UNIFIED] All systems OK (bot PID: 124996, memory: port 5050)
2026-03-26 18:30:22,672 [UNIFIED] All systems OK (bot PID: 124996, memory: port 5050)
2026-03-26 18:35:22,717 [UNIFIED] All systems OK (bot PID: 124996, memory: port 5050)
2026-03-26 18:40:22,765 [UNIFIED] All systems OK (bot PID: 124996, memory: port 5050)
2026-03-26 18:45:22,836 [UNIFIED] All systems OK (bot PID: 124996, memory: port 5050)
2026-03-26 18:50:22,899 [UNIFIED] All systems OK (bot PID: 124996, memory: port 5050)
2026-03-26 18:55:22,980 [UNIFIED] All systems OK (bot PID: 124996, memory: port 5050)
2026-03-26 19:00:23,034 [UNIFIED] All systems OK (bot PID: 124996, memory: port 5050)
2026-03-26 19:05:23,134 [UNIFIED] All systems OK (bot PID: 124996, memory: port 5050)
2026-03-26 19:10:23,169 [UNIFIED] All systems OK (bot PID: 124996, memory: port 5050)
2026-03-26 19:15:23,258 [UNIFIED] All systems OK (bot PID: 124996, memory: port 5050)
2026-03-26 19:20:23,382 [UNIFIED] All systems OK (bot PID: 124996, memory: port 5050)
2026-03-26 19:25:23,489 [UNIFIED] All systems OK (bot PID: 124996, memory: port 5050)
2026-03-26 19:30:23,568 [UNIFIED] All systems OK (bot PID: 124996, memory: port 5050)
2026-03-26 19:35:23,653 [UNIFIED] All systems OK (bot PID: 124996, memory: port 5050)
2026-03-26 19:40:23,743 [UNIFIED] All systems OK (bot PID: 124996, memory: port 5050)
2026-03-26 19:45:23,869 [UNIFIED] All systems OK (bot PID: 124996, memory: port 5050)
2026-03-26 19:50:23,889 [UNIFIED] All systems OK (bot PID: 124996, memory: port 5050)
2026-03-26 19:55:23,992 [UNIFIED] All systems OK (bot PID: 124996, memory: port 5050)
2026-03-26 20:00:24,083 [UNIFIED] All systems OK (bot PID: 124996, memory: port 5050)
2026-03-26 20:05:24,162 [UNIFIED] All systems OK (bot PID: 124996, memory: port 5050)
2026-03-26 20:10:24,207 [UNIFIED] All systems OK (bot PID: 124996, memory: port 5050)
2026-03-26 20:15:24,263 [UNIFIED] All systems OK (bot PID: 124996, memory: port 5050)
2026-03-26 20:20:24,343 [UNIFIED] All systems OK (bot PID: 124996, memory: port 5050)
2026-03-26 20:25:24,428 [UNIFIED] All systems OK (bot PID: 124996, memory: port 5050)
2026-03-26 20:30:24,502 [UNIFIED] All systems OK (bot PID: 124996, memory: port 5050)
2026-03-26 20:35:24,568 [UNIFIED] All systems OK (bot PID: 124996, memory: port 5050)
2026-03-26 20:40:24,624 [UNIFIED] All systems OK (bot PID: 124996, memory: port 5050)
2026-03-26 20:45:24,726 [UNIFIED] All systems OK (bot PID: 124996, memory: port 5050)
2026-03-26 20:50:24,825 [UNIFIED] All systems OK (bot PID: 124996, memory: port 5050)
2026-03-26 20:55:24,928 [UNIFIED] All systems OK (bot PID: 124996, memory: port 5050)
2026-03-26 21:00:24,989 [UNIFIED] All systems OK (bot PID: 124996, memory: port 5050)
2026-03-26 21:05:25,079 [UNIFIED] All systems OK (bot PID: 124996, memory: port 5050)
2026-03-26 21:10:25,216 [UNIFIED] All systems OK (bot PID: 124996, memory: port 5050)
2026-03-26 21:15:25,278 [UNIFIED] All systems OK (bot PID: 124996, memory: port 5050)
2026-03-26 21:20:25,350 [UNIFIED] All systems OK (bot PID: 124996, memory: port 5050)
2026-03-26 21:25:25,490 [UNIFIED] All systems OK (bot PID: 124996, memory: port 5050)
2026-03-26 21:30:25,584 [UNIFIED] All systems OK (bot PID: 124996, memory: port 5050)
2026-03-26 21:35:25,692 [UNIFIED] All systems OK (bot PID: 124996, memory: port 5050)
2026-03-26 21:40:25,748 [UNIFIED] All systems OK (bot PID: 124996, memory: port 5050)
2026-03-26 21:45:25,819 [UNIFIED] All systems OK (bot PID: 124996, memory: port 5050)
2026-03-26 21:50:25,874 [UNIFIED] All systems OK (bot PID: 124996, memory: port 5050)
2026-03-26 21:55:26,002 [UNIFIED] All systems OK (bot PID: 124996, memory: port 5050)
2026-03-26 22:00:26,046 [UNIFIED] All systems OK (bot PID: 124996, memory: port 5050)
2026-03-26 22:05:26,118 [UNIFIED] All systems OK (bot PID: 124996, memory: port 5050)
2026-03-26 22:10:26,164 [UNIFIED] All systems OK (bot PID: 124996, memory: port 5050)
2026-03-26 22:15:26,257 [UNIFIED] All systems OK (bot PID: 124996, memory: port 5050)
2026-03-26 22:20:26,328 [UNIFIED] All systems OK (bot PID: 124996, memory: port 5050)
2026-03-26 22:25:26,353 [UNIFIED] All systems OK (bot PID: 124996, memory: port 5050)
2026-03-26 22:30:26,380 [UNIFIED] All systems OK (bot PID: 124996, memory: port 5050)
2026-03-26 22:35:26,509 [UNIFIED] All systems OK (bot PID: 124996, memory: port 5050)
2026-03-26 22:40:26,534 [UNIFIED] All systems OK (bot PID: 124996, memory: port 5050)
2026-03-26 22:45:26,570 [UNIFIED] All systems OK (bot PID: 124996, memory: port 5050)
2026-03-26 22:50:26,593 [UNIFIED] All systems OK (bot PID: 124996, memory: port 5050)
2026-03-26 22:55:26,636 [UNIFIED] All systems OK (bot PID: 124996, memory: port 5050)
2026-03-26 23:00:26,674 [UNIFIED] All systems OK (bot PID: 124996, memory: port 5050)
2026-03-26 23:05:26,773 [UNIFIED] All systems OK (bot PID: 124996, memory: port 5050)
2026-03-26 23:10:26,835 [UNIFIED] All systems OK (bot PID: 124996, memory: port 5050)
2026-03-26 23:15:26,907 [UNIFIED] All systems OK (bot PID: 124996, memory: port 5050)
2026-03-26 23:20:26,954 [UNIFIED] All systems OK (bot PID: 124996, memory: port 5050)
2026-03-26 23:25:26,977 [UNIFIED] All systems OK (bot PID: 124996, memory: port 5050)
2026-03-26 23:30:27,042 [UNIFIED] All systems OK (bot PID: 124996, memory: port 5050)
2026-03-26 23:35:27,085 [UNIFIED] All systems OK (bot PID: 124996, memory: port 5050)
2026-03-26 23:40:27,111 [UNIFIED] All systems OK (bot PID: 124996, memory: port 5050)
2026-03-26 23:45:27,195 [UNIFIED] All systems OK (bot PID: 124996, memory: port 5050)
2026-03-26 23:50:27,241 [UNIFIED] All systems OK (bot PID: 124996, memory: port 5050)
2026-03-26 23:55:27,275 [UNIFIED] All systems OK (bot PID: 124996, memory: port 5050)
2026-03-27 00:00:27,342 [UNIFIED] All systems OK (bot PID: 124996, memory: port 5050)
2026-03-27 00:05:27,379 [UNIFIED] All systems OK (bot PID: 124996, memory: port 5050)
2026-03-27 00:10:27,443 [UNIFIED] All systems OK (bot PID: 124996, memory: port 5050)
2026-03-27 00:15:27,506 [UNIFIED] All systems OK (bot PID: 124996, memory: port 5050)
2026-03-27 00:20:27,603 [UNIFIED] All systems OK (bot PID: 124996, memory: port 5050)
2026-03-27 00:25:27,717 [UNIFIED] All systems OK (bot PID: 124996, memory: port 5050)
2026-03-27 00:30:27,757 [UNIFIED] All systems OK (bot PID: 124996, memory: port 5050)
2026-03-27 00:35:27,783 [UNIFIED] All systems OK (bot PID: 124996, memory: port 5050)
2026-03-27 00:40:27,893 [UNIFIED] All systems OK (bot PID: 124996, memory: port 5050)
2026-03-27 00:45:27,982 [UNIFIED] All systems OK (bot PID: 124996, memory: port 5050)
2026-03-27 00:50:28,025 [UNIFIED] All systems OK (bot PID: 124996, memory: port 5050)
2026-03-27 00:55:28,075 [UNIFIED] All systems OK (bot PID: 124996, memory: port 5050)
2026-03-27 01:00:28,145 [UNIFIED] All systems OK (bot PID: 124996, memory: port 5050)
2026-03-27 01:05:28,244 [UNIFIED] All systems OK (bot PID: 124996, memory: port 5050)
2026-03-27 01:10:28,312 [UNIFIED] All systems OK (bot PID: 124996, memory: port 5050)
2026-03-27 01:15:28,398 [UNIFIED] All systems OK (bot PID: 124996, memory: port 5050)
2026-03-27 01:20:28,464 [UNIFIED] All systems OK (bot PID: 124996, memory: port 5050)
2026-03-27 01:25:28,534 [UNIFIED] All systems OK (bot PID: 124996, memory: port 5050)
2026-03-27 01:30:28,556 [UNIFIED] All systems OK (bot PID: 124996, memory: port 5050)
2026-03-27 01:35:28,632 [UNIFIED] All systems OK (bot PID: 124996, memory: port 5050)
2026-03-27 01:40:28,682 [UNIFIED] All systems OK (bot PID: 124996, memory: port 5050)
2026-03-27 01:45:28,743 [UNIFIED] All systems OK (bot PID: 124996, memory: port 5050)
2026-03-27 01:50:28,799 [UNIFIED] All systems OK (bot PID: 124996, memory: port 5050)
2026-03-27 01:55:28,897 [UNIFIED] All systems OK (bot PID: 124996, memory: port 5050)
2026-03-27 02:00:28,967 [UNIFIED] All systems OK (bot PID: 124996, memory: port 5050)
2026-03-27 02:05:29,010 [UNIFIED] All systems OK (bot PID: 124996, memory: port 5050)
2026-03-27 02:10:29,096 [UNIFIED] All systems OK (bot PID: 124996, memory: port 5050)
2026-03-27 02:15:29,149 [UNIFIED] All systems OK (bot PID: 124996, memory: port 5050)
2026-03-27 02:20:29,219 [UNIFIED] All systems OK (bot PID: 124996, memory: port 5050)
2026-03-27 02:25:29,272 [UNIFIED] All systems OK (bot PID: 124996, memory: port 5050)
2026-03-27 02:30:29,335 [UNIFIED] All systems OK (bot PID: 124996, memory: port 5050)
2026-03-27 02:35:29,442 [UNIFIED] All systems OK (bot PID: 124996, memory: port 5050)
2026-03-27 02:40:29,503 [UNIFIED] All systems OK (bot PID: 124996, memory: port 5050)
2026-03-27 02:45:29,583 [UNIFIED] All systems OK (bot PID: 124996, memory: port 5050)
2026-03-27 02:50:29,705 [UNIFIED] All systems OK (bot PID: 124996, memory: port 5050)
2026-03-27 02:55:29,760 [UNIFIED] All systems OK (bot PID: 124996, memory: port 5050)
2026-03-27 03:00:29,855 [UNIFIED] All systems OK (bot PID: 124996, memory: port 5050)
2026-03-27 03:05:29,965 [UNIFIED] All systems OK (bot PID: 124996, memory: port 5050)
2026-03-27 03:10:00,018 [UNIFIED] All systems OK (bot PID: 124996, memory: port 5050)
2026-03-27 03:15:00,080 [UNIFIED] All systems OK (bot PID: 124996, memory: port 5050)
2026-03-27 03:20:00,191 [UNIFIED] All systems OK (bot PID: 124996, memory: port 5050)
2026-03-27 03:25:00,278 [UNIFIED] All systems OK (bot PID: 124996, memory: port 5050)
2026-03-27 03:30:00,383 [UNIFIED] All systems OK (bot PID: 124996, memory: port 5050)
2026-03-27 03:35:00,503 [UNIFIED] All systems OK (bot PID: 124996, memory: port 5050)
2026-03-27 03:40:00,594 [UNIFIED] All systems OK (bot PID: 124996, memory: port 5050)
2026-03-27 03:45:00,654 [UNIFIED] All systems OK (bot PID: 124996, memory: port 5050)
2026-03-27 03:50:00,677 [UNIFIED] All systems OK (bot PID: 124996, memory: port 5050)
2026-03-27 03:55:00,748 [UNIFIED] All systems OK (bot PID: 124996, memory: port 5050)
2026-03-27 04:00:00,785 [UNIFIED] All systems OK (bot PID: 124996, memory: port 5050)
2026-03-27 04:05:00,873 [UNIFIED] All systems OK (bot PID: 124996, memory: port 5050)
2026-03-27 04:10:00,950 [UNIFIED] All systems OK (bot PID: 124996, memory: port 5050)
2026-03-27 04:15:01,041 [UNIFIED] All systems OK (bot PID: 124996, memory: port 5050)
2026-03-27 04:20:01,099 [UNIFIED] All systems OK (bot PID: 124996, memory: port 5050)
2026-03-27 04:25:01,130 [UNIFIED] All systems OK (bot PID: 124996, memory: port 5050)
2026-03-27 04:30:01,191 [UNIFIED] All systems OK (bot PID: 124996, memory: port 5050)
2026-03-27 04:35:01,261 [UNIFIED] All systems OK (bot PID: 124996, memory: port 5050)
2026-03-27 04:40:01,345 [UNIFIED] All systems OK (bot PID: 124996, memory: port 5050)
2026-03-27 04:45:01,380 [UNIFIED] All systems OK (bot PID: 124996, memory: port 5050)
2026-03-27 04:50:01,423 [UNIFIED] All systems OK (bot PID: 124996, memory: port 5050)
2026-03-27 04:55:01,551 [UNIFIED] All systems OK (bot PID: 124996, memory: port 5050)
2026-03-27 05:00:01,606 [UNIFIED] All systems OK (bot PID: 124996, memory: port 5050)
2026-03-27 05:05:01,677 [UNIFIED] All systems OK (bot PID: 124996, memory: port 5050)
2026-03-27 05:10:01,722 [UNIFIED] All systems OK (bot PID: 124996, memory: port 5050)
2026-03-27 05:15:01,797 [UNIFIED] All systems OK (bot PID: 124996, memory: port 5050)
2026-03-27 05:20:01,868 [UNIFIED] All systems OK (bot PID: 124996, memory: port 5050)
2026-03-27 05:25:01,953 [UNIFIED] All systems OK (bot PID: 124996, memory: port 5050)
2026-03-27 05:30:02,044 [UNIFIED] All systems OK (bot PID: 124996, memory: port 5050)
2026-03-27 05:35:02,135 [UNIFIED] All systems OK (bot PID: 124996, memory: port 5050)
2026-03-27 05:40:02,178 [UNIFIED] All systems OK (bot PID: 124996, memory: port 5050)
2026-03-27 05:45:02,237 [UNIFIED] All systems OK (bot PID: 124996, memory: port 5050)
2026-03-27 05:50:02,288 [UNIFIED] All systems OK (bot PID: 124996, memory: port 5050)
2026-03-27 05:55:02,387 [UNIFIED] All systems OK (bot PID: 124996, memory: port 5050)
2026-03-27 06:00:02,421 [UNIFIED] All systems OK (bot PID: 124996, memory: port 5050)
2026-03-27 06:05:02,494 [UNIFIED] All systems OK (bot PID: 124996, memory: port 5050)
2026-03-27 06:10:02,615 [UNIFIED] All systems OK (bot PID: 124996, memory: port 5050)
2026-03-27 06:15:02,679 [UNIFIED] All systems OK (bot PID: 124996, memory: port 5050)
2026-03-27 06:20:02,764 [UNIFIED] All systems OK (bot PID: 124996, memory: port 5050)
2026-03-27 06:25:02,885 [UNIFIED] All systems OK (bot PID: 124996, memory: port 5050)
2026-03-27 06:30:02,946 [UNIFIED] All systems OK (bot PID: 124996, memory: port 5050)
2026-03-27 06:35:03,042 [UNIFIED] All systems OK (bot PID: 124996, memory: port 5050)
2026-03-27 06:40:03,164 [UNIFIED] All systems OK (bot PID: 124996, memory: port 5050)
2026-03-27 06:45:03,283 [UNIFIED] All systems OK (bot PID: 124996, memory: port 5050)
2026-03-27 06:50:03,340 [UNIFIED] All systems OK (bot PID: 124996, memory: port 5050)
2026-03-27 06:55:03,419 [UNIFIED] All systems OK (bot PID: 124996, memory: port 5050)
2026-03-27 07:00:03,478 [UNIFIED] All systems OK (bot PID: 124996, memory: port 5050)
2026-03-27 07:05:03,558 [UNIFIED] All systems OK (bot PID: 124996, memory: port 5050)
2026-03-27 07:10:03,635 [UNIFIED] All systems OK (bot PID: 124996, memory: port 5050)
2026-03-27 07:15:03,705 [UNIFIED] All systems OK (bot PID: 124996, memory: port 5050)
2026-03-27 07:20:03,769 [UNIFIED] All systems OK (bot PID: 124996, memory: port 5050)
2026-03-27 07:25:03,830 [UNIFIED] All systems OK (bot PID: 124996, memory: port 5050)
2026-03-27 07:30:03,941 [UNIFIED] All systems OK (bot PID: 124996, memory: port 5050)
2026-03-27 07:35:04,041 [UNIFIED] All systems OK (bot PID: 124996, memory: port 5050)
2026-03-27 07:40:04,193 [UNIFIED] All systems OK (bot PID: 124996, memory: port 5050)
2026-03-27 07:45:04,254 [UNIFIED] All systems OK (bot PID: 124996, memory: port 5050)
2026-03-27 07:50:04,280 [UNIFIED] All systems OK (bot PID: 124996, memory: port 5050)
2026-03-27 07:55:04,343 [UNIFIED] All systems OK (bot PID: 124996, memory: port 5050)
2026-03-27 08:00:04,417 [UNIFIED] All systems OK (bot PID: 124996, memory: port 5050)
2026-03-27 08:05:04,491 [UNIFIED] All systems OK (bot PID: 124996, memory: port 5050)
2026-03-27 08:10:04,600 [UNIFIED] All systems OK (bot PID: 124996, memory: port 5050)
2026-03-27 08:15:04,705 [UNIFIED] All systems OK (bot PID: 124996, memory: port 5050)
2026-03-27 08:20:04,808 [UNIFIED] All systems OK (bot PID: 124996, memory: port 5050)
2026-03-27 08:25:04,876 [UNIFIED] All systems OK (bot PID: 124996, memory: port 5050)
2026-03-27 08:30:04,959 [UNIFIED] All systems OK (bot PID: 124996, memory: port 5050)
2026-03-27 08:35:05,058 [UNIFIED] All systems OK (bot PID: 124996, memory: port 5050)
2026-03-27 08:40:05,096 [UNIFIED] All systems OK (bot PID: 124996, memory: port 5050)
2026-03-27 08:45:05,146 [UNIFIED] All systems OK (bot PID: 124996, memory: port 5050)
2026-03-27 08:50:05,238 [UNIFIED] All systems OK (bot PID: 124996, memory: port 5050)
2026-03-27 08:55:05,312 [UNIFIED] All systems OK (bot PID: 124996, memory: port 5050)
2026-03-27 09:00:05,409 [UNIFIED] All systems OK (bot PID: 124996, memory: port 5050)
2026-03-27 09:05:05,511 [UNIFIED] All systems OK (bot PID: 124996, memory: port 5050)
2026-03-27 09:10:05,574 [UNIFIED] All systems OK (bot PID: 124996, memory: port 5050)
2026-03-27 09:15:05,651 [UNIFIED] All systems OK (bot PID: 124996, memory: port 5050)
2026-03-27 09:20:05,726 [UNIFIED] All systems OK (bot PID: 124996, memory: port 5050)
2026-03-27 09:25:05,811 [UNIFIED] All systems OK (bot PID: 124996, memory: port 5050)
2026-03-27 09:30:05,932 [UNIFIED] All systems OK (bot PID: 124996, memory: port 5050)
2026-03-27 09:35:05,976 [UNIFIED] All systems OK (bot PID: 124996, memory: port 5050)
2026-03-27 09:40:06,008 [UNIFIED] All systems OK (bot PID: 124996, memory: port 5050)
2026-03-27 09:45:06,079 [UNIFIED] All systems OK (bot PID: 124996, memory: port 5050)
2026-03-27 09:50:06,129 [UNIFIED] All systems OK (bot PID: 124996, memory: port 5050)
2026-03-27 09:55:06,222 [UNIFIED] All systems OK (bot PID: 124996, memory: port 5050)
2026-03-27 10:00:06,286 [UNIFIED] All systems OK (bot PID: 124996, memory: port 5050)
2026-03-27 10:05:06,365 [UNIFIED] All systems OK (bot PID: 124996, memory: port 5050)
2026-03-27 10:10:06,510 [UNIFIED] All systems OK (bot PID: 124996, memory: port 5050)
2026-03-27 10:15:06,606 [UNIFIED] All systems OK (bot PID: 124996, memory: port 5050)
2026-03-27 10:20:06,651 [UNIFIED] All systems OK (bot PID: 124996, memory: port 5050)
2026-03-27 10:25:06,738 [UNIFIED] All systems OK (bot PID: 124996, memory: port 5050)
2026-03-27 10:30:06,819 [UNIFIED] All systems OK (bot PID: 124996, memory: port 5050)
2026-03-27 10:35:06,896 [UNIFIED] All systems OK (bot PID: 124996, memory: port 5050)
2026-03-27 10:40:06,979 [UNIFIED] All systems OK (bot PID: 124996, memory: port 5050)
2026-03-27 10:45:07,070 [UNIFIED] All systems OK (bot PID: 124996, memory: port 5050)
2026-03-27 10:50:07,139 [UNIFIED] All systems OK (bot PID: 124996, memory: port 5050)
2026-03-27 10:55:07,179 [UNIFIED] All systems OK (bot PID: 124996, memory: port 5050)
2026-03-27 11:00:07,229 [UNIFIED] All systems OK (bot PID: 124996, memory: port 5050)
2026-03-27 11:05:07,283 [UNIFIED] All systems OK (bot PID: 124996, memory: port 5050)
2026-03-27 11:10:07,356 [UNIFIED] All systems OK (bot PID: 124996, memory: port 5050)
2026-03-27 11:15:07,412 [UNIFIED] All systems OK (bot PID: 124996, memory: port 5050)
2026-03-27 11:20:07,481 [UNIFIED] All systems OK (bot PID: 124996, memory: port 5050)
2026-03-27 11:25:07,516 [UNIFIED] All systems OK (bot PID: 124996, memory: port 5050)
2026-03-27 11:30:07,550 [UNIFIED] All systems OK (bot PID: 124996, memory: port 5050)
2026-03-27 11:35:07,607 [UNIFIED] All systems OK (bot PID: 124996, memory: port 5050)
2026-03-27 11:40:07,728 [UNIFIED] All systems OK (bot PID: 124996, memory: port 5050)
2026-03-27 11:45:07,854 [UNIFIED] All systems OK (bot PID: 124996, memory: port 5050)
2026-03-27 11:50:07,912 [UNIFIED] All systems OK (bot PID: 124996, memory: port 5050)
2026-03-27 11:55:07,978 [UNIFIED] All systems OK (bot PID: 124996, memory: port 5050)
2026-03-27 12:00:08,043 [UNIFIED] All systems OK (bot PID: 124996, memory: port 5050)
2026-03-27 12:05:08,081 [UNIFIED] All systems OK (bot PID: 124996, memory: port 5050)
2026-03-27 12:10:08,132 [UNIFIED] All systems OK (bot PID: 124996, memory: port 5050)
2026-03-27 12:15:08,156 [UNIFIED] All systems OK (bot PID: 124996, memory: port 5050)
2026-03-27 12:20:08,198 [UNIFIED] All systems OK (bot PID: 124996, memory: port 5050)
2026-03-27 12:25:08,223 [UNIFIED] All systems OK (bot PID: 124996, memory: port 5050)
2026-03-27 12:30:08,290 [UNIFIED] All systems OK (bot PID: 124996, memory: port 5050)
2026-03-27 12:35:08,382 [UNIFIED] All systems OK (bot PID: 124996, memory: port 5050)
2026-03-27 12:40:08,426 [UNIFIED] All systems OK (bot PID: 124996, memory: port 5050)
2026-03-27 12:45:08,461 [UNIFIED] All systems OK (bot PID: 124996, memory: port 5050)
2026-03-27 12:50:08,568 [UNIFIED] All systems OK (bot PID: 124996, memory: port 5050)
2026-03-27 12:55:08,612 [UNIFIED] All systems OK (bot PID: 124996, memory: port 5050)
2026-03-27 13:00:08,669 [UNIFIED] All systems OK (bot PID: 124996, memory: port 5050)
2026-03-27 13:05:08,721 [UNIFIED] All systems OK (bot PID: 124996, memory: port 5050)
2026-03-27 13:10:08,794 [UNIFIED] All systems OK (bot PID: 124996, memory: port 5050)
2026-03-27 13:15:08,863 [UNIFIED] All systems OK (bot PID: 124996, memory: port 5050)
2026-03-27 13:20:08,992 [UNIFIED] All systems OK (bot PID: 124996, memory: port 5050)
2026-03-27 13:25:09,048 [UNIFIED] All systems OK (bot PID: 124996, memory: port 5050)
2026-03-27 13:30:09,089 [UNIFIED] All systems OK (bot PID: 124996, memory: port 5050)
2026-03-27 13:35:09,123 [UNIFIED] All systems OK (bot PID: 124996, memory: port 5050)
2026-03-27 13:40:09,202 [UNIFIED] All systems OK (bot PID: 124996, memory: port 5050)
2026-03-27 13:45:09,295 [UNIFIED] All systems OK (bot PID: 124996, memory: port 5050)
2026-03-27 13:50:09,372 [UNIFIED] All systems OK (bot PID: 124996, memory: port 5050)
2026-03-27 13:55:09,460 [UNIFIED] All systems OK (bot PID: 124996, memory: port 5050)
2026-03-27 14:00:09,572 [UNIFIED] All systems OK (bot PID: 124996, memory: port 5050)
2026-03-27 14:05:09,706 [UNIFIED] All systems OK (bot PID: 124996, memory: port 5050)
2026-03-27 14:10:09,751 [UNIFIED] All systems OK (bot PID: 124996, memory: port 5050)
2026-03-27 14:15:09,824 [UNIFIED] All systems OK (bot PID: 124996, memory: port 5050)
2026-03-27 14:20:09,917 [UNIFIED] All systems OK (bot PID: 124996, memory: port 5050)
2026-03-27 14:25:10,013 [UNIFIED] All systems OK (bot PID: 124996, memory: port 5050)
2026-03-27 14:30:10,079 [UNIFIED] All systems OK (bot PID: 124996, memory: port 5050)
2026-03-27 14:35:10,134 [UNIFIED] All systems OK (bot PID: 124996, memory: port 5050)
2026-03-27 14:40:10,224 [UNIFIED] All systems OK (bot PID: 124996, memory: port 5050)
2026-03-27 14:45:10,351 [UNIFIED] All systems OK (bot PID: 124996, memory: port 5050)
2026-03-27 14:50:10,414 [UNIFIED] All systems OK (bot PID: 124996, memory: port 5050)
2026-03-27 14:55:10,501 [UNIFIED] All systems OK (bot PID: 124996, memory: port 5050)
2026-03-27 15:00:10,578 [UNIFIED] All systems OK (bot PID: 124996, memory: port 5050)
2026-03-27 15:05:10,672 [UNIFIED] All systems OK (bot PID: 124996, memory: port 5050)
2026-03-27 15:10:10,781 [UNIFIED] All systems OK (bot PID: 124996, memory: port 5050)
2026-03-27 15:15:10,848 [UNIFIED] All systems OK (bot PID: 124996, memory: port 5050)
2026-03-27 15:20:10,937 [UNIFIED] All systems OK (bot PID: 124996, memory: port 5050)
2026-03-27 15:25:11,015 [UNIFIED] All systems OK (bot PID: 124996, memory: port 5050)
2026-03-27 15:30:11,084 [UNIFIED] All systems OK (bot PID: 124996, memory: port 5050)
2026-03-27 15:35:11,168 [UNIFIED] All systems OK (bot PID: 124996, memory: port 5050)
2026-03-27 15:40:11,199 [UNIFIED] All systems OK (bot PID: 124996, memory: port 5050)
2026-03-27 15:45:11,313 [UNIFIED] All systems OK (bot PID: 124996, memory: port 5050)
2026-03-27 15:50:11,341 [UNIFIED] All systems OK (bot PID: 124996, memory: port 5050)
2026-03-27 15:55:11,410 [UNIFIED] All systems OK (bot PID: 124996, memory: port 5050)
2026-03-27 16:00:11,497 [UNIFIED] All systems OK (bot PID: 124996, memory: port 5050)
2026-03-27 16:05:11,592 [UNIFIED] All systems OK (bot PID: 124996, memory: port 5050)
2026-03-27 16:10:11,666 [UNIFIED] All systems OK (bot PID: 124996, memory: port 5050)
2026-03-27 16:15:11,718 [UNIFIED] All systems OK (bot PID: 124996, memory: port 5050)
2026-03-27 16:20:11,781 [UNIFIED] All systems OK (bot PID: 124996, memory: port 5050)
2026-03-27 16:25:11,890 [UNIFIED] All systems OK (bot PID: 124996, memory: port 5050)
2026-03-27 16:30:11,950 [UNIFIED] All systems OK (bot PID: 124996, memory: port 5050)
2026-03-27 16:35:12,047 [UNIFIED] All systems OK (bot PID: 124996, memory: port 5050)
2026-03-27 16:40:12,113 [UNIFIED] All systems OK (bot PID: 124996, memory: port 5050)
2026-03-27 16:45:12,162 [UNIFIED] All systems OK (bot PID: 124996, memory: port 5050)
2026-03-27 16:50:12,237 [UNIFIED] All systems OK (bot PID: 124996, memory: port 5050)
2026-03-27 16:55:12,315 [UNIFIED] All systems OK (bot PID: 124996, memory: port 5050)
2026-03-27 17:00:12,414 [UNIFIED] All systems OK (bot PID: 124996, memory: port 5050)
2026-03-27 17:05:12,464 [UNIFIED] All systems OK (bot PID: 124996, memory: port 5050)
2026-03-27 17:10:12,558 [UNIFIED] All systems OK (bot PID: 124996, memory: port 5050)
2026-03-27 17:15:12,616 [UNIFIED] All systems OK (bot PID: 124996, memory: port 5050)
2026-03-27 17:20:12,666 [UNIFIED] All systems OK (bot PID: 124996, memory: port 5050)
2026-03-27 17:25:12,718 [UNIFIED] All systems OK (bot PID: 124996, memory: port 5050)
2026-03-27 17:30:12,782 [UNIFIED] All systems OK (bot PID: 124996, memory: port 5050)
2026-03-27 17:35:12,911 [UNIFIED] All systems OK (bot PID: 124996, memory: port 5050)
2026-03-27 17:40:12,939 [UNIFIED] All systems OK (bot PID: 124996, memory: port 5050)
2026-03-27 17:45:13,065 [UNIFIED] All systems OK (bot PID: 124996, memory: port 5050)
2026-03-27 17:50:13,114 [UNIFIED] All systems OK (bot PID: 124996, memory: port 5050)
2026-03-27 17:55:13,149 [UNIFIED] All systems OK (bot PID: 124996, memory: port 5050)
2026-03-27 18:00:13,220 [UNIFIED] All systems OK (bot PID: 124996, memory: port 5050)
2026-03-27 18:05:13,361 [UNIFIED] All systems OK (bot PID: 124996, memory: port 5050)
2026-03-27 18:10:13,444 [UNIFIED] All systems OK (bot PID: 124996, memory: port 5050)
2026-03-27 18:15:13,527 [UNIFIED] All systems OK (bot PID: 124996, memory: port 5050)
2026-03-27 18:20:13,590 [UNIFIED] All systems OK (bot PID: 124996, memory: port 5050)
2026-03-27 18:25:13,693 [UNIFIED] All systems OK (bot PID: 124996, memory: port 5050)
2026-03-27 18:30:13,763 [UNIFIED] All systems OK (bot PID: 124996, memory: port 5050)
2026-03-27 18:35:13,824 [UNIFIED] All systems OK (bot PID: 124996, memory: port 5050)
2026-03-27 18:40:13,887 [UNIFIED] All systems OK (bot PID: 124996, memory: port 5050)
2026-03-27 18:45:13,979 [UNIFIED] All systems OK (bot PID: 124996, memory: port 5050)
2026-03-27 18:50:14,065 [UNIFIED] All systems OK (bot PID: 124996, memory: port 5050)
2026-03-27 18:55:14,151 [UNIFIED] All systems OK (bot PID: 124996, memory: port 5050)
2026-03-27 19:00:14,235 [UNIFIED] All systems OK (bot PID: 124996, memory: port 5050)
2026-03-27 19:05:14,293 [UNIFIED] All systems OK (bot PID: 124996, memory: port 5050)
2026-03-27 19:10:14,345 [UNIFIED] All systems OK (bot PID: 124996, memory: port 5050)
2026-03-27 19:15:14,372 [UNIFIED] All systems OK (bot PID: 124996, memory: port 5050)
2026-03-27 19:20:14,413 [UNIFIED] All systems OK (bot PID: 124996, memory: port 5050)
2026-03-27 19:25:14,497 [UNIFIED] All systems OK (bot PID: 124996, memory: port 5050)
2026-03-27 19:30:14,532 [UNIFIED] All systems OK (bot PID: 124996, memory: port 5050)
2026-03-27 19:35:14,618 [UNIFIED] All systems OK (bot PID: 124996, memory: port 5050)
2026-03-27 19:40:14,676 [UNIFIED] All systems OK (bot PID: 124996, memory: port 5050)
2026-03-27 19:45:14,752 [UNIFIED] All systems OK (bot PID: 124996, memory: port 5050)
2026-03-27 19:50:14,823 [UNIFIED] All systems OK (bot PID: 124996, memory: port 5050)
2026-03-27 19:55:14,899 [UNIFIED] All systems OK (bot PID: 124996, memory: port 5050)
2026-03-27 20:00:14,994 [UNIFIED] All systems OK (bot PID: 124996, memory: port 5050)
2026-03-27 20:05:15,052 [UNIFIED] All systems OK (bot PID: 124996, memory: port 5050)
2026-03-27 20:10:15,110 [UNIFIED] All systems OK (bot PID: 124996, memory: port 5050)
2026-03-27 20:15:15,192 [UNIFIED] All systems OK (bot PID: 124996, memory: port 5050)
2026-03-27 20:20:15,280 [UNIFIED] All systems OK (bot PID: 124996, memory: port 5050)
2026-03-27 20:25:15,355 [UNIFIED] All systems OK (bot PID: 124996, memory: port 5050)
2026-03-27 20:30:15,444 [UNIFIED] All systems OK (bot PID: 124996, memory: port 5050)
2026-03-27 20:35:15,505 [UNIFIED] All systems OK (bot PID: 124996, memory: port 5050)
2026-03-27 20:40:15,618 [UNIFIED] All systems OK (bot PID: 124996, memory: port 5050)
2026-03-27 20:45:15,683 [UNIFIED] All systems OK (bot PID: 124996, memory: port 5050)
2026-03-27 20:50:15,769 [UNIFIED] All systems OK (bot PID: 124996, memory: port 5050)
2026-03-27 20:55:15,850 [UNIFIED] All systems OK (bot PID: 124996, memory: port 5050)
2026-03-27 21:00:15,913 [UNIFIED] All systems OK (bot PID: 124996, memory: port 5050)
2026-03-27 21:05:15,939 [UNIFIED] All systems OK (bot PID: 124996, memory: port 5050)
2026-03-27 21:10:15,992 [UNIFIED] All systems OK (bot PID: 124996, memory: port 5050)
2026-03-27 21:15:16,016 [UNIFIED] All systems OK (bot PID: 124996, memory: port 5050)
2026-03-27 21:20:16,063 [UNIFIED] All systems OK (bot PID: 124996, memory: port 5050)
2026-03-27 21:25:16,103 [UNIFIED] All systems OK (bot PID: 124996, memory: port 5050)
